{
  "source": {
    "file": "defObjectTypeDef1.bal"
  },
  "position": {
    "line": 10,
    "character": 30
  },
  "result": [
    {
      "range": {
        "start": {
          "line": 39,
          "character": 16
        },
        "end": {
          "line": 39,
          "character": 22
        }
      },
      "uri": "src/ballerina_lang.array_1.1.0/array.bal"
    }
  ]
}
