{
  "source": {
    "file": "defObjectTypeDef1.bal"
  },
  "position": {
    "line": 15,
    "character": 17
  },
  "result": [
    {
      "range": {
        "start": {
          "line": 24,
          "character": 15
        },
        "end": {
          "line": 24,
          "character": 21
        }
      },
      "uri": "src/ballerina_module1_0.1.0/types/type_source1.bal"
    }
  ]
}
