{
  "source": {
    "file": "defObjectTypeDef1.bal"
  },
  "position": {
    "line": 3,
    "character": 16
  },
  "result": [
    {
      "range": {
        "start": {
          "line":5,
          "character": 12
        },
        "end": {
          "line": 5,
          "character": 18
        }
      },
      "uri": "src/ballerina_module1_0.1.0/clients/source1.bal"
    }
  ]
}
