{
  "source": {
    "file": "defObjectTypeDef1.bal"
  },
  "position": {
    "line": 4,
    "character": 17
  },
  "result": [
    {
      "range": {
        "start": {
          "line": 27,
          "character": 16
        },
        "end": {
          "line": 27,
          "character": 25
        }
      },
      "uri": "src/ballerina_module1_0.1.0/functions/source1.bal"
    }
  ]
}
