{
  "source": {
    "file": "defFl45.bal"
  },
  "position": {
    "line": 7,
    "character": 14
  },
  "result": [
    {
      "range": {
        "start": {
          "line": 0,
          "character": 5
        },
        "end": {
          "line": 0,
          "character": 11
        }
      },
      "uri": "defFl45.bal"
    }
  ]
}
