{
  "source": {
    "file": "defFl43.bal"
  },
  "position": {
    "line": 28,
    "character": 19
  },
  "result": [
    {
      "range": {
        "start": {
          "line": 0,
          "character": 5
        },
        "end": {
          "line": 0,
          "character": 11
        }
      },
      "uri": "defFl43.bal"
    }
  ]
}
