{
  "source": {
    "file": "defFl43.bal"
  },
  "position": {
    "line": 29,
    "character": 21
  },
  "result": [
    {
      "range": {
        "start": {
          "line": 25,
          "character": 24
        },
        "end": {
          "line": 25,
          "character": 30
        }
      },
      "uri": "defFl43.bal"
    }
  ]
}
