{
  "source": {
    "file": "defFl2.bal"
  },
  "position": {
    "line": 67,
    "character": 23
  },
  "result": [
    {
      "range": {
        "start": {
          "line": 64,
          "character": 9
        },
        "end": {
          "line": 64,
          "character": 20
        }
      },
      "uri": "defFl2.bal"
    }
  ]
}
