{
  "source": {
    "file": "defFl46.bal"
  },
  "position": {
    "line": 7,
    "character": 12
  },
  "result": [
    {
      "uri": "defFl46.bal",
      "range": {
        "start": {
          "line": 7,
          "character": 10
        },
        "end": {
          "line": 7,
          "character": 15
        }
      }
    }
  ]
}
