{
    "result": {
        "contents": {
            "kind": "markdown",
            "value": "**Description**  \n  \nPrints `any` or `error` value(s) to the STDOUT followed by a new line.  \n```ballerina  \n#io:println(\"Start processing the CSV file from \", srcFileName);  \n#```  \n  \n**Params**  \n- **values**: The value(s) to be printed.  \n  \n"
        }
    },
    "id": {
        "left": "324"
    },
    "jsonrpc": "2.0"
}
