{
  "source": {
    "file": "defFl42.bal"
  },
  "position": {
    "line": 24,
    "character": 16
  },
  "result": [
    {
      "uri": "defFl42.bal",
      "range": {
        "start": {
          "line": 23,
          "character": 8
        },
        "end": {
          "line": 23,
          "character": 9
        }
      }
    }
  ]
}
