{
  "source": {
    "file": "defFl40.bal"
  },
  "position": {
    "line": 8,
    "character": 24
  },
  "result": [
    {
      "range": {
        "start": {
          "line": 7,
          "character": 29
        },
        "end": {
          "line": 7,
          "character": 32
        }
      },
      "uri": "defFl40.bal"
    }
  ]
}