{
  "source": {
    "file": "defFl41.bal"
  },
  "position": {
    "line": 50,
    "character": 15
  },
  "result": [
    {
      "range": {
        "start": {
          "line": 47,
          "character": 5
        },
        "end": {
          "line": 47,
          "character": 8
        }
      },
      "uri": "defFl41.bal"
    }
  ]
}